// Jest Snapshot v1, https://goo.gl/fbAQLP

exports[`add to cart 1`] = `
Object {
  "cart": Array [
    Object {
      "name": "Apple 1KG",
      "price": 100,
    },
  ],
}
`;

exports[`default case 1`] = `
Object {
  "cart": Array [],
}
`;

exports[`remove from cart 1`] = `
Object {
  "cart": Array [],
}
`;
